> opbr-site@0.1.0 test:http
> node --require ./tests/register.cjs --test tests/http.test.cjs

TAP version 13
# Subtest: all published pages return 200, one main and h1, and their own canonical
ok 1 - all published pages return 200, one main and h1, and their own canonical
  ---
  duration_ms: 298.832917
  ...
# Subtest: unfinished pages are explicitly noindex and have a main heading
ok 2 - unfinished pages are explicitly noindex and have a main heading
  ---
  duration_ms: 6.851833
  ...
# Subtest: unknown pages and inherited object keys return a recoverable 404
ok 3 - unknown pages and inherited object keys return a recoverable 404
  ---
  duration_ms: 46.228625
  ...
# Subtest: sitemap includes exactly the published pages and robots points to it
ok 4 - sitemap includes exactly the published pages and robots points to it
  ---
  duration_ms: 9.495583
  ...
# Subtest: permanent directory renders every published guide and its real summary
ok 5 - permanent directory renders every published guide and its real summary
  ---
  duration_ms: 47.4355
  ...
# Subtest: Home and New Characters both link to the permanent directory; Home uses the supplied Character Guides artwork
ok 6 - Home and New Characters both link to the permanent directory; Home uses the supplied Character Guides artwork
  ---
  duration_ms: 7.704375
  ...
1..6
# tests 6
# suites 0
# pass 6
# fail 0
# cancelled 0
# skipped 0
# todo 0
# duration_ms 650.20525
